========================================
Starting EOD Management Backend Server
========================================

Building backend...

  dist\index.mjs                   2.3mb
  dist\pino-worker.mjs           153.5kb
  dist\pino-file.mjs             142.1kb
  dist\pino-pretty.mjs           114.6kb
  dist\thread-stream-worker.mjs    7.3kb
  ...and 5 more output files...

Done in 25502ms

Starting server on port 8080...

[11:38:47.857] [32mINFO[39m (31524): [36mServer listening[39m
    [35mport[39m: 8080
[11:39:02.373] [32mINFO[39m (31524): [36mrequest completed[39m
    [35mreq[39m: {
      "id": 1,
      "method": "GET",
      "url": "/api/health"
    }
    [35mres[39m: {
      "statusCode": 404
    }
    [35mresponseTime[39m: 36
[11:41:12.705] [32mINFO[39m (31524): [36mrequest completed[39m
    [35mreq[39m: {
      "id": 2,
      "method": "GET",
      "url": "/"
    }
    [35mres[39m: {
      "statusCode": 404
    }
    [35mresponseTime[39m: 7
[11:41:14.516] [32mINFO[39m (31524): [36mrequest completed[39m
    [35mreq[39m: {
      "id": 3,
      "method": "GET",
      "url": "/"
    }
    [35mres[39m: {
      "statusCode": 404
    }
    [35mresponseTime[39m: 1
[11:41:16.041] [32mINFO[39m (31524): [36mrequest completed[39m
    [35mreq[39m: {
      "id": 4,
      "method": "GET",
      "url": "/"
    }
    [35mres[39m: {
      "statusCode": 404
    }
    [35mresponseTime[39m: 1
[11:41:16.259] [32mINFO[39m (31524): [36mrequest completed[39m
    [35mreq[39m: {
      "id": 5,
      "method": "GET",
      "url": "/"
    }
    [35mres[39m: {
      "statusCode": 404
    }
    [35mresponseTime[39m: 0
[11:41:49.992] [32mINFO[39m (31524): [36mrequest completed[39m
    [35mreq[39m: {
      "id": 6,
      "method": "OPTIONS",
      "url": "/api/auth/login"
    }
    [35mres[39m: {
      "statusCode": 204
    }
    [35mresponseTime[39m: 7
[11:41:50.271] [32mINFO[39m (31524): [36mrequest completed[39m
    [35mreq[39m: {
      "id": 7,
      "method": "POST",
      "url": "/api/auth/login"
    }
    [35mres[39m: {
      "statusCode": 200
    }
    [35mresponseTime[39m: 278
[11:41:50.314] [32mINFO[39m (31524): [36mrequest completed[39m
    [35mreq[39m: {
      "id": 8,
      "method": "OPTIONS",
      "url": "/api/eod"
    }
    [35mres[39m: {
      "statusCode": 204
    }
    [35mresponseTime[39m: 0
[11:41:50.315] [32mINFO[39m (31524): [36mrequest completed[39m
    [35mreq[39m: {
      "id": 9,
      "method": "OPTIONS",
      "url": "/api/tasks"
    }
    [35mres[39m: {
      "statusCode": 204
    }
    [35mresponseTime[39m: 0
[11:41:50.317] [32mINFO[39m (31524): [36mrequest completed[39m
    [35mreq[39m: {
      "id": 10,
      "method": "OPTIONS",
      "url": "/api/daily-work"
    }
    [35mres[39m: {
      "statusCode": 204
    }
    [35mresponseTime[39m: 0
[11:41:50.318] [32mINFO[39m (31524): [36mrequest completed[39m
    [35mreq[39m: {
      "id": 11,
      "method": "OPTIONS",
      "url": "/api/auth/me"
    }
    [35mres[39m: {
      "statusCode": 204
    }
    [35mresponseTime[39m: 0
[11:41:50.338] [32mINFO[39m (31524): [36mrequest completed[39m
    [35mreq[39m: {
      "id": 12,
      "method": "GET",
      "url": "/api/eod"
    }
    [35mres[39m: {
      "statusCode": 200
    }
    [35mresponseTime[39m: 19
[11:41:50.449] [32mINFO[39m (31524): [36mrequest completed[39m
    [35mreq[39m: {
      "id": 14,
      "method": "GET",
      "url": "/api/daily-work"
    }
    [35mres[39m: {
      "statusCode": 200
    }
    [35mresponseTime[39m: 123
[11:41:50.450] [32mINFO[39m (31524): [36mrequest completed[39m
    [35mreq[39m: {
      "id": 15,
      "method": "GET",
      "url": "/api/auth/me"
    }
    [35mres[39m: {
      "statusCode": 200
    }
    [35mresponseTime[39m: 122
[11:41:50.464] [32mINFO[39m (31524): [36mrequest completed[39m
    [35mreq[39m: {
      "id": 13,
      "method": "GET",
      "url": "/api/tasks"
    }
    [35mres[39m: {
      "statusCode": 200
    }
    [35mresponseTime[39m: 141
[11:41:52.499] [32mINFO[39m (31524): [36mrequest completed[39m
    [35mreq[39m: {
      "id": 16,
      "method": "GET",
      "url": "/api/eod"
    }
    [35mres[39m: {
      "statusCode": 304
    }
    [35mresponseTime[39m: 5
[11:41:53.799] [32mINFO[39m (31524): [36mrequest completed[39m
    [35mreq[39m: {
      "id": 17,
      "method": "GET",
      "url": "/api/tasks"
    }
    [35mres[39m: {
      "statusCode": 304
    }
    [35mresponseTime[39m: 7
[11:41:55.528] [32mINFO[39m (31524): [36mrequest completed[39m
    [35mreq[39m: {
      "id": 18,
      "method": "OPTIONS",
      "url": "/api/daily-work"
    }
    [35mres[39m: {
      "statusCode": 204
    }
    [35mresponseTime[39m: 1
[11:41:55.532] [32mINFO[39m (31524): [36mrequest completed[39m
    [35mreq[39m: {
      "id": 19,
      "method": "GET",
      "url": "/api/daily-work"
    }
    [35mres[39m: {
      "statusCode": 304
    }
    [35mresponseTime[39m: 3
[11:41:56.810] [32mINFO[39m (31524): [36mrequest completed[39m
    [35mreq[39m: {
      "id": 20,
      "method": "OPTIONS",
      "url": "/api/training"
    }
    [35mres[39m: {
      "statusCode": 204
    }
    [35mresponseTime[39m: 1
[11:41:56.824] [32mINFO[39m (31524): [36mrequest completed[39m
    [35mreq[39m: {
      "id": 21,
      "method": "GET",
      "url": "/api/training"
    }
    [35mres[39m: {
      "statusCode": 200
    }
    [35mresponseTime[39m: 13
[11:41:58.211] [32mINFO[39m (31524): [36mrequest completed[39m
    [35mreq[39m: {
      "id": 22,
      "method": "GET",
      "url": "/api/daily-work"
    }
    [35mres[39m: {
      "statusCode": 304
    }
    [35mresponseTime[39m: 4
[11:42:00.291] [32mINFO[39m (31524): [36mrequest completed[39m
    [35mreq[39m: {
      "id": 23,
      "method": "GET",
      "url": "/api/training"
    }
    [35mres[39m: {
      "statusCode": 304
    }
    [35mresponseTime[39m: 10
[11:42:25.345] [32mINFO[39m (31524): [36mrequest completed[39m
    [35mreq[39m: {
      "id": 24,
      "method": "OPTIONS",
      "url": "/api/eod"
    }
    [35mres[39m: {
      "statusCode": 204
    }
    [35mresponseTime[39m: 0
[11:42:25.346] [32mINFO[39m (31524): [36mrequest completed[39m
    [35mreq[39m: {
      "id": 25,
      "method": "OPTIONS",
      "url": "/api/tasks"
    }
    [35mres[39m: {
      "statusCode": 204
    }
    [35mresponseTime[39m: 0
[11:42:25.347] [32mINFO[39m (31524): [36mrequest completed[39m
    [35mreq[39m: {
      "id": 26,
      "method": "OPTIONS",
      "url": "/api/daily-work"
    }
    [35mres[39m: {
      "statusCode": 204
    }
    [35mresponseTime[39m: 0
[11:42:25.444] [32mINFO[39m (31524): [36mrequest completed[39m
    [35mreq[39m: {
      "id": 29,
      "method": "GET",
      "url": "/api/daily-work"
    }
    [35mres[39m: {
      "statusCode": 304
    }
    [35mresponseTime[39m: 93
[11:42:25.446] [32mINFO[39m (31524): [36mrequest completed[39m
    [35mreq[39m: {
      "id": 27,
      "method": "GET",
      "url": "/api/eod"
    }
    [35mres[39m: {
      "statusCode": 304
    }
    [35mresponseTime[39m: 98
[11:42:25.483] [32mINFO[39m (31524): [36mrequest completed[39m
    [35mreq[39m: {
      "id": 28,
      "method": "GET",
      "url": "/api/tasks"
    }
    [35mres[39m: {
      "statusCode": 304
    }
    [35mresponseTime[39m: 134
[11:42:28.034] [32mINFO[39m (31524): [36mrequest completed[39m
    [35mreq[39m: {
      "id": 30,
      "method": "GET",
      "url": "/api/eod"
    }
    [35mres[39m: {
      "statusCode": 304
    }
    [35mresponseTime[39m: 8
[11:42:32.373] [32mINFO[39m (31524): [36mrequest completed[39m
    [35mreq[39m: {
      "id": 31,
      "method": "OPTIONS",
      "url": "/api/auth/me"
    }
    [35mres[39m: {
      "statusCode": 204
    }
    [35mresponseTime[39m: 1
[11:42:32.381] [32mINFO[39m (31524): [36mrequest completed[39m
    [35mreq[39m: {
      "id": 32,
      "method": "GET",
      "url": "/api/auth/me"
    }
    [35mres[39m: {
      "statusCode": 304
    }
    [35mresponseTime[39m: 5
[11:42:32.425] [32mINFO[39m (31524): [36mrequest completed[39m
    [35mreq[39m: {
      "id": 33,
      "method": "OPTIONS",
      "url": "/api/eod"
    }
    [35mres[39m: {
      "statusCode": 204
    }
    [35mresponseTime[39m: 0
[11:42:32.430] [32mINFO[39m (31524): [36mrequest completed[39m
    [35mreq[39m: {
      "id": 34,
      "method": "GET",
      "url": "/api/eod"
    }
    [35mres[39m: {
      "statusCode": 304
    }
    [35mresponseTime[39m: 3
[11:53:05.022] [32mINFO[39m (31524): [36mrequest completed[39m
    [35mreq[39m: {
      "id": 35,
      "method": "OPTIONS",
      "url": "/api/tasks"
    }
    [35mres[39m: {
      "statusCode": 204
    }
    [35mresponseTime[39m: 39
[11:53:05.478] [32mINFO[39m (31524): [36mrequest completed[39m
    [35mreq[39m: {
      "id": 36,
      "method": "GET",
      "url": "/api/tasks"
    }
    [35mres[39m: {
      "statusCode": 304
    }
    [35mresponseTime[39m: 447
[11:53:47.130] [32mINFO[39m (31524): [36mrequest completed[39m
    [35mreq[39m: {
      "id": 37,
      "method": "OPTIONS",
      "url": "/api/auth/login"
    }
    [35mres[39m: {
      "statusCode": 204
    }
    [35mresponseTime[39m: 7
[11:53:47.235] [32mINFO[39m (31524): [36mrequest completed[39m
    [35mreq[39m: {
      "id": 38,
      "method": "POST",
      "url": "/api/auth/login"
    }
    [35mres[39m: {
      "statusCode": 200
    }
    [35mresponseTime[39m: 103
[11:53:47.281] [32mINFO[39m (31524): [36mrequest completed[39m
    [35mreq[39m: {
      "id": 39,
      "method": "OPTIONS",
      "url": "/api/dashboard/team-summary"
    }
    [35mres[39m: {
      "statusCode": 204
    }
    [35mresponseTime[39m: 0
[11:53:47.283] [32mINFO[39m (31524): [36mrequest completed[39m
    [35mreq[39m: {
      "id": 40,
      "method": "OPTIONS",
      "url": "/api/eod/pending"
    }
    [35mres[39m: {
      "statusCode": 204
    }
    [35mresponseTime[39m: 1
[11:53:47.284] [32mINFO[39m (31524): [36mrequest completed[39m
    [35mreq[39m: {
      "id": 41,
      "method": "OPTIONS",
      "url": "/api/tasks/status-summary"
    }
    [35mres[39m: {
      "statusCode": 204
    }
    [35mresponseTime[39m: 0
[11:53:47.309] [32mINFO[39m (31524): [36mrequest completed[39m
    [35mreq[39m: {
      "id": 43,
      "method": "OPTIONS",
      "url": "/api/auth/me"
    }
    [35mres[39m: {
      "statusCode": 204
    }
    [35mresponseTime[39m: 1
[11:53:47.375] [32mINFO[39m (31524): [36mrequest completed[39m
    [35mreq[39m: {
      "id": 42,
      "method": "GET",
      "url": "/api/dashboard/team-summary"
    }
    [35mres[39m: {
      "statusCode": 200
    }
    [35mresponseTime[39m: 90
[11:53:47.410] [32mINFO[39m (31524): [36mrequest completed[39m
    [35mreq[39m: {
      "id": 45,
      "method": "GET",
      "url": "/api/tasks/status-summary"
    }
    [35mres[39m: {
      "statusCode": 200
    }
    [35mresponseTime[39m: 95
[11:53:47.437] [32mINFO[39m (31524): [36mrequest completed[39m
    [35mreq[39m: {
      "id": 46,
      "method": "GET",
      "url": "/api/auth/me"
    }
    [35mres[39m: {
      "statusCode": 200
    }
    [35mresponseTime[39m: 102
[11:53:47.577] [32mINFO[39m (31524): [36mrequest completed[39m
    [35mreq[39m: {
      "id": 44,
      "method": "GET",
      "url": "/api/eod/pending"
    }
    [35mres[39m: {
      "statusCode": 200
    }
    [35mresponseTime[39m: 267
[11:53:50.699] [32mINFO[39m (31524): [36mrequest completed[39m
    [35mreq[39m: {
      "id": 47,
      "method": "OPTIONS",
      "url": "/api/users"
    }
    [35mres[39m: {
      "statusCode": 204
    }
    [35mresponseTime[39m: 0
[11:53:50.708] [32mINFO[39m (31524): [36mrequest completed[39m
    [35mreq[39m: {
      "id": 48,
      "method": "GET",
      "url": "/api/users"
    }
    [35mres[39m: {
      "statusCode": 200
    }
    [35mresponseTime[39m: 7
[11:53:50.720] [32mINFO[39m (31524): [36mrequest completed[39m
    [35mreq[39m: {
      "id": 49,
      "method": "OPTIONS",
      "url": "/api/tasks"
    }
    [35mres[39m: {
      "statusCode": 204
    }
    [35mresponseTime[39m: 0
[11:53:50.721] [32mINFO[39m (31524): [36mrequest completed[39m
    [35mreq[39m: {
      "id": 50,
      "method": "OPTIONS",
      "url": "/api/tasks"
    }
    [35mres[39m: {
      "statusCode": 204
    }
    [35mresponseTime[39m: 1
[11:53:50.725] [32mINFO[39m (31524): [36mrequest completed[39m
    [35mreq[39m: {
      "id": 51,
      "method": "GET",
      "url": "/api/tasks"
    }
    [35mres[39m: {
      "statusCode": 200
    }
    [35mresponseTime[39m: 4
[11:53:50.732] [32mINFO[39m (31524): [36mrequest completed[39m
    [35mreq[39m: {
      "id": 52,
      "method": "GET",
      "url": "/api/tasks"
    }
    [35mres[39m: {
      "statusCode": 200
    }
    [35mresponseTime[39m: 10
[11:53:53.022] [32mINFO[39m (31524): [36mrequest completed[39m
    [35mreq[39m: {
      "id": 53,
      "method": "GET",
      "url": "/api/users"
    }
    [35mres[39m: {
      "statusCode": 304
    }
    [35mresponseTime[39m: 6
[11:53:53.029] [32mINFO[39m (31524): [36mrequest completed[39m
    [35mreq[39m: {
      "id": 54,
      "method": "OPTIONS",
      "url": "/api/daily-work"
    }
    [35mres[39m: {
      "statusCode": 204
    }
    [35mresponseTime[39m: 1
[11:53:53.031] [32mINFO[39m (31524): [36mrequest completed[39m
    [35mreq[39m: {
      "id": 55,
      "method": "OPTIONS",
      "url": "/api/daily-work"
    }
    [35mres[39m: {
      "statusCode": 204
    }
    [35mresponseTime[39m: 1
[11:53:53.038] [32mINFO[39m (31524): [36mrequest completed[39m
    [35mreq[39m: {
      "id": 56,
      "method": "GET",
      "url": "/api/daily-work"
    }
    [35mres[39m: {
      "statusCode": 200
    }
    [35mresponseTime[39m: 6
[11:53:53.049] [32mINFO[39m (31524): [36mrequest completed[39m
    [35mreq[39m: {
      "id": 57,
      "method": "GET",
      "url": "/api/daily-work"
    }
    [35mres[39m: {
      "statusCode": 200
    }
    [35mresponseTime[39m: 15
[11:53:54.486] [32mINFO[39m (31524): [36mrequest completed[39m
    [35mreq[39m: {
      "id": 59,
      "method": "OPTIONS",
      "url": "/api/eod"
    }
    [35mres[39m: {
      "statusCode": 204
    }
    [35mresponseTime[39m: 0
[11:53:54.487] [32mINFO[39m (31524): [36mrequest completed[39m
    [35mreq[39m: {
      "id": 58,
      "method": "GET",
      "url": "/api/users"
    }
    [35mres[39m: {
      "statusCode": 304
    }
    [35mresponseTime[39m: 8
[11:53:54.488] [32mINFO[39m (31524): [36mrequest completed[39m
    [35mreq[39m: {
      "id": 60,
      "method": "OPTIONS",
      "url": "/api/eod"
    }
    [35mres[39m: {
      "statusCode": 204
    }
    [35mresponseTime[39m: 1
[11:53:54.495] [32mINFO[39m (31524): [36mrequest completed[39m
    [35mreq[39m: {
      "id": 61,
      "method": "GET",
      "url": "/api/eod"
    }
    [35mres[39m: {
      "statusCode": 200
    }
    [35mresponseTime[39m: 7
[11:53:54.498] [32mINFO[39m (31524): [36mrequest completed[39m
    [35mreq[39m: {
      "id": 62,
      "method": "GET",
      "url": "/api/eod"
    }
    [35mres[39m: {
      "statusCode": 200
    }
    [35mresponseTime[39m: 8
[11:53:55.798] [32mINFO[39m (31524): [36mrequest completed[39m
    [35mreq[39m: {
      "id": 63,
      "method": "OPTIONS",
      "url": "/api/users"
    }
    [35mres[39m: {
      "statusCode": 204
    }
    [35mresponseTime[39m: 1
[11:53:55.805] [32mINFO[39m (31524): [36mrequest completed[39m
    [35mreq[39m: {
      "id": 64,
      "method": "GET",
      "url": "/api/users"
    }
    [35mres[39m: {
      "statusCode": 304
    }
    [35mresponseTime[39m: 5
[11:53:55.821] [32mINFO[39m (31524): [36mrequest completed[39m
    [35mreq[39m: {
      "id": 65,
      "method": "OPTIONS",
      "url": "/api/tasks"
    }
    [35mres[39m: {
      "statusCode": 204
    }
    [35mresponseTime[39m: 1
[11:53:55.821] [32mINFO[39m (31524): [36mrequest completed[39m
    [35mreq[39m: {
      "id": 66,
      "method": "OPTIONS",
      "url": "/api/tasks"
    }
    [35mres[39m: {
      "statusCode": 204
    }
    [35mresponseTime[39m: 0
[11:53:55.827] [32mINFO[39m (31524): [36mrequest completed[39m
    [35mreq[39m: {
      "id": 67,
      "method": "GET",
      "url": "/api/tasks"
    }
    [35mres[39m: {
      "statusCode": 304
    }
    [35mresponseTime[39m: 5
[11:53:55.834] [32mINFO[39m (31524): [36mrequest completed[39m
    [35mreq[39m: {
      "id": 68,
      "method": "GET",
      "url": "/api/tasks"
    }
    [35mres[39m: {
      "statusCode": 304
    }
    [35mresponseTime[39m: 11
[11:54:05.608] [32mINFO[39m (31524): [36mrequest completed[39m
    [35mreq[39m: {
      "id": 69,
      "method": "OPTIONS",
      "url": "/api/users"
    }
    [35mres[39m: {
      "statusCode": 204
    }
    [35mresponseTime[39m: 1
[11:54:05.618] [32mINFO[39m (31524): [36mrequest completed[39m
    [35mreq[39m: {
      "id": 70,
      "method": "GET",
      "url": "/api/users"
    }
    [35mres[39m: {
      "statusCode": 304
    }
    [35mresponseTime[39m: 8
[11:54:05.623] [32mINFO[39m (31524): [36mrequest completed[39m
    [35mreq[39m: {
      "id": 71,
      "method": "OPTIONS",
      "url": "/api/daily-work"
    }
    [35mres[39m: {
      "statusCode": 204
    }
    [35mresponseTime[39m: 0
[11:54:05.629] [32mINFO[39m (31524): [36mrequest completed[39m
    [35mreq[39m: {
      "id": 72,
      "method": "OPTIONS",
      "url": "/api/daily-work"
    }
    [35mres[39m: {
      "statusCode": 204
    }
    [35mresponseTime[39m: 1
[11:54:05.635] [32mINFO[39m (31524): [36mrequest completed[39m
    [35mreq[39m: {
      "id": 73,
      "method": "GET",
      "url": "/api/daily-work"
    }
    [35mres[39m: {
      "statusCode": 304
    }
    [35mresponseTime[39m: 5
[11:54:05.645] [32mINFO[39m (31524): [36mrequest completed[39m
    [35mreq[39m: {
      "id": 74,
      "method": "GET",
      "url": "/api/daily-work"
    }
    [35mres[39m: {
      "statusCode": 304
    }
    [35mresponseTime[39m: 13
[11:54:07.599] [32mINFO[39m (31524): [36mrequest completed[39m
    [35mreq[39m: {
      "id": 75,
      "method": "GET",
      "url": "/api/users"
    }
    [35mres[39m: {
      "statusCode": 304
    }
    [35mresponseTime[39m: 6
[11:54:07.606] [32mINFO[39m (31524): [36mrequest completed[39m
    [35mreq[39m: {
      "id": 76,
      "method": "OPTIONS",
      "url": "/api/training"
    }
    [35mres[39m: {
      "statusCode": 204
    }
    [35mresponseTime[39m: 1
[11:54:07.609] [32mINFO[39m (31524): [36mrequest completed[39m
    [35mreq[39m: {
      "id": 77,
      "method": "OPTIONS",
      "url": "/api/training"
    }
    [35mres[39m: {
      "statusCode": 204
    }
    [35mresponseTime[39m: 1
[11:54:07.621] [32mINFO[39m (31524): [36mrequest completed[39m
    [35mreq[39m: {
      "id": 78,
      "method": "GET",
      "url": "/api/training"
    }
    [35mres[39m: {
      "statusCode": 200
    }
    [35mresponseTime[39m: 9
[11:54:07.630] [32mINFO[39m (31524): [36mrequest completed[39m
    [35mreq[39m: {
      "id": 79,
      "method": "GET",
      "url": "/api/training"
    }
    [35mres[39m: {
      "statusCode": 200
    }
    [35mresponseTime[39m: 13
[11:54:08.796] [32mINFO[39m (31524): [36mrequest completed[39m
    [35mreq[39m: {
      "id": 80,
      "method": "GET",
      "url": "/api/users"
    }
    [35mres[39m: {
      "statusCode": 304
    }
    [35mresponseTime[39m: 5
[11:54:08.806] [32mINFO[39m (31524): [36mrequest completed[39m
    [35mreq[39m: {
      "id": 81,
      "method": "GET",
      "url": "/api/daily-work"
    }
    [35mres[39m: {
      "statusCode": 304
    }
    [35mresponseTime[39m: 2
[11:54:08.820] [32mINFO[39m (31524): [36mrequest completed[39m
    [35mreq[39m: {
      "id": 82,
      "method": "GET",
      "url": "/api/daily-work"
    }
    [35mres[39m: {
      "statusCode": 304
    }
    [35mresponseTime[39m: 14
[11:54:14.205] [32mINFO[39m (31524): [36mrequest completed[39m
    [35mreq[39m: {
      "id": 83,
      "method": "OPTIONS",
      "url": "/api/users"
    }
    [35mres[39m: {
      "statusCode": 204
    }
    [35mresponseTime[39m: 0
[11:54:14.215] [32mINFO[39m (31524): [36mrequest completed[39m
    [35mreq[39m: {
      "id": 84,
      "method": "GET",
      "url": "/api/users"
    }
    [35mres[39m: {
      "statusCode": 304
    }
    [35mresponseTime[39m: 7
[11:54:14.222] [32mINFO[39m (31524): [36mrequest completed[39m
    [35mreq[39m: {
      "id": 85,
      "method": "OPTIONS",
      "url": "/api/tasks"
    }
    [35mres[39m: {
      "statusCode": 204
    }
    [35mresponseTime[39m: 0
[11:54:14.224] [32mINFO[39m (31524): [36mrequest completed[39m
    [35mreq[39m: {
      "id": 86,
      "method": "OPTIONS",
      "url": "/api/tasks"
    }
    [35mres[39m: {
      "statusCode": 204
    }
    [35mresponseTime[39m: 1
[11:54:14.231] [32mINFO[39m (31524): [36mrequest completed[39m
    [35mreq[39m: {
      "id": 87,
      "method": "GET",
      "url": "/api/tasks"
    }
    [35mres[39m: {
      "statusCode": 304
    }
    [35mresponseTime[39m: 3
[11:54:14.236] [32mINFO[39m (31524): [36mrequest completed[39m
    [35mreq[39m: {
      "id": 88,
      "method": "GET",
      "url": "/api/tasks"
    }
    [35mres[39m: {
      "statusCode": 304
    }
    [35mresponseTime[39m: 7
[11:56:16.277] [32mINFO[39m (31524): [36mrequest completed[39m
    [35mreq[39m: {
      "id": 89,
      "method": "OPTIONS",
      "url": "/api/users"
    }
    [35mres[39m: {
      "statusCode": 204
    }
    [35mresponseTime[39m: 1
[11:56:16.296] [32mINFO[39m (31524): [36mrequest completed[39m
    [35mreq[39m: {
      "id": 91,
      "method": "OPTIONS",
      "url": "/api/daily-work"
    }
    [35mres[39m: {
      "statusCode": 204
    }
    [35mresponseTime[39m: 0
[11:56:16.298] [32mINFO[39m (31524): [36mrequest completed[39m
    [35mreq[39m: {
      "id": 92,
      "method": "OPTIONS",
      "url": "/api/daily-work"
    }
    [35mres[39m: {
      "statusCode": 204
    }
    [35mresponseTime[39m: 0
[11:56:16.384] [32mINFO[39m (31524): [36mrequest completed[39m
    [35mreq[39m: {
      "id": 93,
      "method": "GET",
      "url": "/api/daily-work"
    }
    [35mres[39m: {
      "statusCode": 304
    }
    [35mresponseTime[39m: 85
[11:56:16.408] [32mINFO[39m (31524): [36mrequest completed[39m
    [35mreq[39m: {
      "id": 94,
      "method": "GET",
      "url": "/api/daily-work"
    }
    [35mres[39m: {
      "statusCode": 304
    }
    [35mresponseTime[39m: 108
[11:56:16.475] [32mINFO[39m (31524): [36mrequest completed[39m
    [35mreq[39m: {
      "id": 90,
      "method": "GET",
      "url": "/api/users"
    }
    [35mres[39m: {
      "statusCode": 304
    }
    [35mresponseTime[39m: 195
[11:56:17.623] [32mINFO[39m (31524): [36mrequest completed[39m
    [35mreq[39m: {
      "id": 95,
      "method": "GET",
      "url": "/api/users"
    }
    [35mres[39m: {
      "statusCode": 304
    }
    [35mresponseTime[39m: 15
[11:56:17.629] [32mINFO[39m (31524): [36mrequest completed[39m
    [35mreq[39m: {
      "id": 96,
      "method": "OPTIONS",
      "url": "/api/training"
    }
    [35mres[39m: {
      "statusCode": 204
    }
    [35mresponseTime[39m: 0
[11:56:17.630] [32mINFO[39m (31524): [36mrequest completed[39m
    [35mreq[39m: {
      "id": 97,
      "method": "OPTIONS",
      "url": "/api/training"
    }
    [35mres[39m: {
      "statusCode": 204
    }
    [35mresponseTime[39m: 0
[11:56:17.638] [32mINFO[39m (31524): [36mrequest completed[39m
    [35mreq[39m: {
      "id": 98,
      "method": "GET",
      "url": "/api/training"
    }
    [35mres[39m: {
      "statusCode": 304
    }
    [35mresponseTime[39m: 7
[11:56:17.644] [32mINFO[39m (31524): [36mrequest completed[39m
    [35mreq[39m: {
      "id": 99,
      "method": "GET",
      "url": "/api/training"
    }
    [35mres[39m: {
      "statusCode": 304
    }
    [35mresponseTime[39m: 12
[11:56:18.919] [32mINFO[39m (31524): [36mrequest completed[39m
    [35mreq[39m: {
      "id": 100,
      "method": "OPTIONS",
      "url": "/api/dashboard/team-summary"
    }
    [35mres[39m: {
      "statusCode": 204
    }
    [35mresponseTime[39m: 1
[11:56:18.920] [32mINFO[39m (31524): [36mrequest completed[39m
    [35mreq[39m: {
      "id": 101,
      "method": "OPTIONS",
      "url": "/api/eod/pending"
    }
    [35mres[39m: {
      "statusCode": 204
    }
    [35mresponseTime[39m: 0
[11:56:18.921] [32mINFO[39m (31524): [36mrequest completed[39m
    [35mreq[39m: {
      "id": 102,
      "method": "OPTIONS",
      "url": "/api/tasks/status-summary"
    }
    [35mres[39m: {
      "statusCode": 204
    }
    [35mresponseTime[39m: 1
[11:56:18.930] [32mINFO[39m (31524): [36mrequest completed[39m
    [35mreq[39m: {
      "id": 105,
      "method": "GET",
      "url": "/api/tasks/status-summary"
    }
    [35mres[39m: {
      "statusCode": 304
    }
    [35mresponseTime[39m: 5
[11:56:18.941] [32mINFO[39m (31524): [36mrequest completed[39m
    [35mreq[39m: {
      "id": 103,
      "method": "GET",
      "url": "/api/dashboard/team-summary"
    }
    [35mres[39m: {
      "statusCode": 304
    }
    [35mresponseTime[39m: 19
[11:56:18.958] [32mINFO[39m (31524): [36mrequest completed[39m
    [35mreq[39m: {
      "id": 104,
      "method": "GET",
      "url": "/api/eod/pending"
    }
    [35mres[39m: {
      "statusCode": 304
    }
    [35mresponseTime[39m: 34
[11:56:28.661] [32mINFO[39m (31524): [36mrequest completed[39m
    [35mreq[39m: {
      "id": 106,
      "method": "OPTIONS",
      "url": "/api/users"
    }
    [35mres[39m: {
      "statusCode": 204
    }
    [35mresponseTime[39m: 0
[11:56:28.670] [32mINFO[39m (31524): [36mrequest completed[39m
    [35mreq[39m: {
      "id": 107,
      "method": "GET",
      "url": "/api/users"
    }
    [35mres[39m: {
      "statusCode": 304
    }
    [35mresponseTime[39m: 7
[11:56:28.692] [32mINFO[39m (31524): [36mrequest completed[39m
    [35mreq[39m: {
      "id": 108,
      "method": "OPTIONS",
      "url": "/api/eod"
    }
    [35mres[39m: {
      "statusCode": 204
    }
    [35mresponseTime[39m: 0
[11:56:28.692] [32mINFO[39m (31524): [36mrequest completed[39m
    [35mreq[39m: {
      "id": 109,
      "method": "OPTIONS",
      "url": "/api/eod"
    }
    [35mres[39m: {
      "statusCode": 204
    }
    [35mresponseTime[39m: 0
[11:56:28.698] [32mINFO[39m (31524): [36mrequest completed[39m
    [35mreq[39m: {
      "id": 110,
      "method": "GET",
      "url": "/api/eod"
    }
    [35mres[39m: {
      "statusCode": 304
    }
    [35mresponseTime[39m: 4
[11:56:28.699] [32mINFO[39m (31524): [36mrequest completed[39m
    [35mreq[39m: {
      "id": 111,
      "method": "GET",
      "url": "/api/eod"
    }
    [35mres[39m: {
      "statusCode": 304
    }
    [35mresponseTime[39m: 5
[11:57:06.319] [32mINFO[39m (31524): [36mrequest completed[39m
    [35mreq[39m: {
      "id": 112,
      "method": "OPTIONS",
      "url": "/api/auth/login"
    }
    [35mres[39m: {
      "statusCode": 204
    }
    [35mresponseTime[39m: 1
[11:57:06.442] [32mINFO[39m (31524): [36mrequest completed[39m
    [35mreq[39m: {
      "id": 113,
      "method": "POST",
      "url": "/api/auth/login"
    }
    [35mres[39m: {
      "statusCode": 200
    }
    [35mresponseTime[39m: 122
[11:57:06.475] [32mINFO[39m (31524): [36mrequest completed[39m
    [35mreq[39m: {
      "id": 114,
      "method": "OPTIONS",
      "url": "/api/dashboard/stats"
    }
    [35mres[39m: {
      "statusCode": 204
    }
    [35mresponseTime[39m: 1
[11:57:06.477] [32mINFO[39m (31524): [36mrequest completed[39m
    [35mreq[39m: {
      "id": 115,
      "method": "OPTIONS",
      "url": "/api/dashboard/team-summary"
    }
    [35mres[39m: {
      "statusCode": 204
    }
    [35mresponseTime[39m: 0
[11:57:06.486] [32mINFO[39m (31524): [36mrequest completed[39m
    [35mreq[39m: {
      "id": 117,
      "method": "OPTIONS",
      "url": "/api/auth/me"
    }
    [35mres[39m: {
      "statusCode": 204
    }
    [35mresponseTime[39m: 0
[11:57:06.511] [32mINFO[39m (31524): [36mrequest completed[39m
    [35mreq[39m: {
      "id": 116,
      "method": "GET",
      "url": "/api/dashboard/stats"
    }
    [35mres[39m: {
      "statusCode": 200
    }
    [35mresponseTime[39m: 33
[11:57:06.627] [32mINFO[39m (31524): [36mrequest completed[39m
    [35mreq[39m: {
      "id": 118,
      "method": "GET",
      "url": "/api/dashboard/team-summary"
    }
    [35mres[39m: {
      "statusCode": 304
    }
    [35mresponseTime[39m: 141
[11:57:06.645] [32mINFO[39m (31524): [36mrequest completed[39m
    [35mreq[39m: {
      "id": 119,
      "method": "GET",
      "url": "/api/auth/me"
    }
    [35mres[39m: {
      "statusCode": 200
    }
    [35mresponseTime[39m: 157
[11:57:09.268] [32mINFO[39m (31524): [36mrequest completed[39m
    [35mreq[39m: {
      "id": 120,
      "method": "OPTIONS",
      "url": "/api/teams"
    }
    [35mres[39m: {
      "statusCode": 204
    }
    [35mresponseTime[39m: 1
[11:57:09.269] [32mINFO[39m (31524): [36mrequest completed[39m
    [35mreq[39m: {
      "id": 121,
      "method": "OPTIONS",
      "url": "/api/eod"
    }
    [35mres[39m: {
      "statusCode": 204
    }
    [35mresponseTime[39m: 1
[11:57:09.284] [32mINFO[39m (31524): [36mrequest completed[39m
    [35mreq[39m: {
      "id": 122,
      "method": "GET",
      "url": "/api/eod"
    }
    [35mres[39m: {
      "statusCode": 200
    }
    [35mresponseTime[39m: 13
[11:57:09.458] [32mINFO[39m (31524): [36mrequest completed[39m
    [35mreq[39m: {
      "id": 123,
      "method": "GET",
      "url": "/api/teams"
    }
    [35mres[39m: {
      "statusCode": 200
    }
    [35mresponseTime[39m: 186
[11:57:10.921] [32mINFO[39m (31524): [36mrequest completed[39m
    [35mreq[39m: {
      "id": 124,
      "method": "OPTIONS",
      "url": "/api/users"
    }
    [35mres[39m: {
      "statusCode": 204
    }
    [35mresponseTime[39m: 0
[11:57:10.922] [32mINFO[39m (31524): [36mrequest completed[39m
    [35mreq[39m: {
      "id": 125,
      "method": "OPTIONS",
      "url": "/api/tasks"
    }
    [35mres[39m: {
      "statusCode": 204
    }
    [35mresponseTime[39m: 1
[11:57:10.947] [32mINFO[39m (31524): [36mrequest completed[39m
    [35mreq[39m: {
      "id": 127,
      "method": "GET",
      "url": "/api/users"
    }
    [35mres[39m: {
      "statusCode": 200
    }
    [35mresponseTime[39m: 23
[11:57:10.955] [32mINFO[39m (31524): [36mrequest completed[39m
    [35mreq[39m: {
      "id": 126,
      "method": "GET",
      "url": "/api/teams"
    }
    [35mres[39m: {
      "statusCode": 304
    }
    [35mresponseTime[39m: 33
[11:57:10.955] [32mINFO[39m (31524): [36mrequest completed[39m
    [35mreq[39m: {
      "id": 128,
      "method": "GET",
      "url": "/api/tasks"
    }
    [35mres[39m: {
      "statusCode": 200
    }
    [35mresponseTime[39m: 25
[11:57:13.422] [32mINFO[39m (31524): [36mrequest completed[39m
    [35mreq[39m: {
      "id": 130,
      "method": "GET",
      "url": "/api/eod"
    }
    [35mres[39m: {
      "statusCode": 304
    }
    [35mresponseTime[39m: 14
[11:57:13.433] [32mINFO[39m (31524): [36mrequest completed[39m
    [35mreq[39m: {
      "id": 129,
      "method": "GET",
      "url": "/api/teams"
    }
    [35mres[39m: {
      "statusCode": 304
    }
    [35mresponseTime[39m: 25
[11:57:15.127] [32mINFO[39m (31524): [36mrequest completed[39m
    [35mreq[39m: {
      "id": 131,
      "method": "OPTIONS",
      "url": "/api/teams"
    }
    [35mres[39m: {
      "statusCode": 204
    }
    [35mresponseTime[39m: 1
[11:57:15.147] [32mINFO[39m (31524): [36mrequest completed[39m
    [35mreq[39m: {
      "id": 132,
      "method": "GET",
      "url": "/api/users"
    }
    [35mres[39m: {
      "statusCode": 304
    }
    [35mresponseTime[39m: 20
[11:57:15.157] [32mINFO[39m (31524): [36mrequest completed[39m
    [35mreq[39m: {
      "id": 133,
      "method": "GET",
      "url": "/api/tasks"
    }
    [35mres[39m: {
      "statusCode": 304
    }
    [35mresponseTime[39m: 29
[11:57:15.159] [32mINFO[39m (31524): [36mrequest completed[39m
    [35mreq[39m: {
      "id": 134,
      "method": "GET",
      "url": "/api/teams"
    }
    [35mres[39m: {
      "statusCode": 304
    }
    [35mresponseTime[39m: 31
[11:57:16.963] [32mINFO[39m (31524): [36mrequest completed[39m
    [35mreq[39m: {
      "id": 135,
      "method": "OPTIONS",
      "url": "/api/daily-work"
    }
    [35mres[39m: {
      "statusCode": 204
    }
    [35mresponseTime[39m: 0
[11:57:16.989] [32mINFO[39m (31524): [36mrequest completed[39m
    [35mreq[39m: {
      "id": 136,
      "method": "GET",
      "url": "/api/teams"
    }
    [35mres[39m: {
      "statusCode": 304
    }
    [35mresponseTime[39m: 25
[11:57:16.991] [32mINFO[39m (31524): [36mrequest completed[39m
    [35mreq[39m: {
      "id": 137,
      "method": "GET",
      "url": "/api/daily-work"
    }
    [35mres[39m: {
      "statusCode": 200
    }
    [35mresponseTime[39m: 22
[11:57:18.728] [32mINFO[39m (31524): [36mrequest completed[39m
    [35mreq[39m: {
      "id": 138,
      "method": "OPTIONS",
      "url": "/api/eod"
    }
    [35mres[39m: {
      "statusCode": 204
    }
    [35mresponseTime[39m: 0
[11:57:18.745] [32mINFO[39m (31524): [36mrequest completed[39m
    [35mreq[39m: {
      "id": 140,
      "method": "GET",
      "url": "/api/eod"
    }
    [35mres[39m: {
      "statusCode": 304
    }
    [35mresponseTime[39m: 11
[11:57:18.754] [32mINFO[39m (31524): [36mrequest completed[39m
    [35mreq[39m: {
      "id": 139,
      "method": "GET",
      "url": "/api/teams"
    }
    [35mres[39m: {
      "statusCode": 304
    }
    [35mresponseTime[39m: 25
[11:57:20.340] [32mINFO[39m (31524): [36mrequest completed[39m
    [35mreq[39m: {
      "id": 141,
      "method": "OPTIONS",
      "url": "/api/users"
    }
    [35mres[39m: {
      "statusCode": 204
    }
    [35mresponseTime[39m: 1
[11:57:20.340] [32mINFO[39m (31524): [36mrequest completed[39m
    [35mreq[39m: {
      "id": 142,
      "method": "OPTIONS",
      "url": "/api/teams"
    }
    [35mres[39m: {
      "statusCode": 204
    }
    [35mresponseTime[39m: 0
[11:57:20.340] [32mINFO[39m (31524): [36mrequest completed[39m
    [35mreq[39m: {
      "id": 143,
      "method": "OPTIONS",
      "url": "/api/tasks"
    }
    [35mres[39m: {
      "statusCode": 204
    }
    [35mresponseTime[39m: 0
[11:57:20.362] [32mINFO[39m (31524): [36mrequest completed[39m
    [35mreq[39m: {
      "id": 144,
      "method": "GET",
      "url": "/api/users"
    }
    [35mres[39m: {
      "statusCode": 304
    }
    [35mresponseTime[39m: 21
[11:57:20.374] [32mINFO[39m (31524): [36mrequest completed[39m
    [35mreq[39m: {
      "id": 146,
      "method": "GET",
      "url": "/api/tasks"
    }
    [35mres[39m: {
      "statusCode": 304
    }
    [35mresponseTime[39m: 32
[11:57:20.375] [32mINFO[39m (31524): [36mrequest completed[39m
    [35mreq[39m: {
      "id": 145,
      "method": "GET",
      "url": "/api/teams"
    }
    [35mres[39m: {
      "statusCode": 304
    }
    [35mresponseTime[39m: 34
[11:57:21.400] [32mINFO[39m (31524): [36mrequest completed[39m
    [35mreq[39m: {
      "id": 147,
      "method": "GET",
      "url": "/api/teams"
    }
    [35mres[39m: {
      "statusCode": 304
    }
    [35mresponseTime[39m: 20
[11:57:21.401] [32mINFO[39m (31524): [36mrequest completed[39m
    [35mreq[39m: {
      "id": 148,
      "method": "GET",
      "url": "/api/daily-work"
    }
    [35mres[39m: {
      "statusCode": 304
    }
    [35mresponseTime[39m: 19
[11:57:24.417] [32mINFO[39m (31524): [36mrequest completed[39m
    [35mreq[39m: {
      "id": 150,
      "method": "OPTIONS",
      "url": "/api/training"
    }
    [35mres[39m: {
      "statusCode": 204
    }
    [35mresponseTime[39m: 0
[11:57:24.430] [32mINFO[39m (31524): [36mrequest completed[39m
    [35mreq[39m: {
      "id": 149,
      "method": "GET",
      "url": "/api/teams"
    }
    [35mres[39m: {
      "statusCode": 304
    }
    [35mresponseTime[39m: 15
[11:57:24.431] [32mINFO[39m (31524): [36mrequest completed[39m
    [35mreq[39m: {
      "id": 151,
      "method": "GET",
      "url": "/api/training"
    }
    [35mres[39m: {
      "statusCode": 200
    }
    [35mresponseTime[39m: 11
[11:57:26.177] [32mINFO[39m (31524): [36mrequest completed[39m
    [35mreq[39m: {
      "id": 152,
      "method": "OPTIONS",
      "url": "/api/users"
    }
    [35mres[39m: {
      "statusCode": 204
    }
    [35mresponseTime[39m: 0
[11:57:26.178] [32mINFO[39m (31524): [36mrequest completed[39m
    [35mreq[39m: {
      "id": 153,
      "method": "OPTIONS",
      "url": "/api/teams"
    }
    [35mres[39m: {
      "statusCode": 204
    }
    [35mresponseTime[39m: 0
[11:57:26.196] [32mINFO[39m (31524): [36mrequest completed[39m
    [35mreq[39m: {
      "id": 154,
      "method": "GET",
      "url": "/api/users"
    }
    [35mres[39m: {
      "statusCode": 304
    }
    [35mresponseTime[39m: 17
[11:57:26.204] [32mINFO[39m (31524): [36mrequest completed[39m
    [35mreq[39m: {
      "id": 155,
      "method": "GET",
      "url": "/api/teams"
    }
    [35mres[39m: {
      "statusCode": 304
    }
    [35mresponseTime[39m: 24
[11:57:28.503] [32mINFO[39m (31524): [36mrequest completed[39m
    [35mreq[39m: {
      "id": 157,
      "method": "GET",
      "url": "/api/users"
    }
    [35mres[39m: {
      "statusCode": 304
    }
    [35mresponseTime[39m: 27
[11:57:28.507] [32mINFO[39m (31524): [36mrequest completed[39m
    [35mreq[39m: {
      "id": 156,
      "method": "GET",
      "url": "/api/teams"
    }
    [35mres[39m: {
      "statusCode": 304
    }
    [35mresponseTime[39m: 32
[11:57:37.669] [32mINFO[39m (31524): [36mrequest completed[39m
    [35mreq[39m: {
      "id": 158,
      "method": "OPTIONS",
      "url": "/api/teams"
    }
    [35mres[39m: {
      "statusCode": 204
    }
    [35mresponseTime[39m: 0
[11:57:37.671] [32mINFO[39m (31524): [36mrequest completed[39m
    [35mreq[39m: {
      "id": 159,
      "method": "OPTIONS",
      "url": "/api/eod/pending"
    }
    [35mres[39m: {
      "statusCode": 204
    }
    [35mresponseTime[39m: 0
[11:57:37.685] [32mINFO[39m (31524): [36mrequest completed[39m
    [35mreq[39m: {
      "id": 160,
      "method": "GET",
      "url": "/api/teams"
    }
    [35mres[39m: {
      "statusCode": 304
    }
    [35mresponseTime[39m: 14
[11:57:37.706] [32mINFO[39m (31524): [36mrequest completed[39m
    [35mreq[39m: {
      "id": 161,
      "method": "GET",
      "url": "/api/eod/pending"
    }
    [35mres[39m: {
      "statusCode": 200
    }
    [35mresponseTime[39m: 32
[11:57:38.718] [32mINFO[39m (31524): [36mrequest completed[39m
    [35mreq[39m: {
      "id": 162,
      "method": "OPTIONS",
      "url": "/api/users"
    }
    [35mres[39m: {
      "statusCode": 204
    }
    [35mresponseTime[39m: 0
[11:57:38.729] [32mINFO[39m (31524): [36mrequest completed[39m
    [35mreq[39m: {
      "id": 164,
      "method": "GET",
      "url": "/api/users"
    }
    [35mres[39m: {
      "statusCode": 304
    }
    [35mresponseTime[39m: 9
[11:57:38.730] [32mINFO[39m (31524): [36mrequest completed[39m
    [35mreq[39m: {
      "id": 163,
      "method": "GET",
      "url": "/api/teams"
    }
    [35mres[39m: {
      "statusCode": 304
    }
    [35mresponseTime[39m: 12
