========================================
Starting EOD Management Frontend Server
========================================

Starting Vite dev server on port 23881...

Frontend will be available at: http://localhost:23881


  VITE v7.3.3  ready in 805 ms

  ➜  Local:   http://localhost:23881/
  ➜  Network: http://192.168.13.72:23881/
  ➜  press h + enter to show help
11:00:42 am [vite] (client) hmr update /src/index.css, /src/components/task-edit-button.tsx
11:00:44 am [vite] (client) hmr update /src/index.css, /src/components/task-reassign-button.tsx
12:04:49 pm [vite] (client) hmr update /src/pages/manager/tl-eod-reports.tsx, /src/index.css
12:04:49 pm [vite] (client) hmr update /src/pages/manager/tl-eod-reports.tsx, /src/index.css
12:23:48 pm [vite] (client) hmr update /src/pages/manager/dashboard.tsx, /src/index.css
12:26:54 pm [vite] (client) hmr update /src/pages/manager/tl-eod-reports.tsx, /src/index.css
3:38:46 pm [vite] (client) hmr update /src/App.tsx, /src/index.css
3:38:54 pm [vite] (client) hmr update /src/App.tsx, /src/index.css
3:39:01 pm [vite] (client) hmr update /src/App.tsx, /src/index.css
3:39:08 pm [vite] (client) hmr update /src/App.tsx, /src/index.css
3:39:21 pm [vite] (client) hmr update /src/components/layout/MainLayout.tsx, /src/index.css
3:39:35 pm [vite] (client) hmr update /src/components/layout/MainLayout.tsx, /src/index.css
4:21:00 pm [vite] (client) hmr update /src/pages/manager/tasks.tsx, /src/index.css
4:21:26 pm [vite] (client) hmr update /src/pages/manager/tasks.tsx, /src/index.css
4:21:39 pm [vite] (client) hmr update /src/pages/ceo/tasks.tsx, /src/index.css
4:21:53 pm [vite] (client) hmr update /src/pages/ceo/tasks.tsx, /src/index.css
4:22:02 pm [vite] (client) hmr update /src/pages/tl/tasks.tsx, /src/index.css
4:22:25 pm [vite] (client) hmr update /src/pages/tl/tasks.tsx, /src/index.css
4:22:40 pm [vite] (client) hmr update /src/pages/tl/tasks.tsx, /src/index.css
4:27:52 pm [vite] (client) hmr update /src/pages/manager/tl-eod-reports.tsx, /src/index.css
4:28:08 pm [vite] (client) hmr update /src/pages/manager/tl-eod-reports.tsx, /src/index.css
4:39:01 pm [vite] (client) hmr update /src/pages/manager/tl-eod-reports.tsx, /src/index.css
4:39:01 pm [vite] (client) hmr update /src/pages/manager/tl-eod-reports.tsx, /src/index.css
[RUNTIME_ERROR]{"type":"runtime-error","timestamp":1788779343226,"name":"Error","message":"TaskEditButton is not defined","stack":"    at C:/Users/Shiny/Company-Eod-Site/Company-Eod-Site/artifacts/eod-portal/src/pages/manager/tl-eod-reports.tsx:173:1394\n    at Array.map (<anonymous>)\n    at TasksTable C:/Users/Shiny/Company-Eod-Site/Company-Eod-Site/artifacts/eod-portal/src/pages/manager/tl-eod-reports.tsx:173:773\n\n\n\n\n\n\n","loc":{"line":173,"column":1394,"file":"C:/Users/Shiny/Company-Eod-Site/Company-Eod-Site/artifacts/eod-portal/src/pages/manager/tl-eod-reports.tsx"},"frame":"171|  function EodTable({ data, loading, canApprove, onApprove, onReject }: { data: Report[]; loading: boolean; canApprove: boolean; onApprove: (report: Report) => void; onReject: (report: Report) => void }) { const cols = canApprove ? 8 : 7; return <Frame><TableHeader><TableRow className=\"bg-gray-50\"><TableHead>Date</TableHead><TableHead>Team Lead</TableHead><TableHead>Team</TableHead><TableHead>Attendance</TableHead><TableHead>Tasks</TableHead><TableHead>Approval</TableHead><TableHead>Work Summary</TableHead>{canApprove && <TableHead className=\"text-right\">Action</TableHead>}</TableRow></TableHeader><TableBody><State loading={loading} count={data.length} cols={cols} />{!loading && data.map((item) => <TableRow key={item.id}><TableCell>{item.date}</TableCell><TableCell className=\"font-medium\">{item.userName}</TableCell><TableCell>{item.teamName || \"-\"}</TableCell><TableCell><AttendanceBadge status={item.attendanceStatus} /></TableCell><TableCell>{item.tasksCompleted || 0}</TableCell><TableCell><StatusBadge status={item.approvalStatus || \"pending\"} /></TableCell><TableCell className=\"max-w-80 truncate\" title={item.internalWork || \"\"}>{item.internalWork || \"-\"}</TableCell>{canApprove && <TableCell className=\"text-right\">{[\"pending\", \"resubmitted\"].includes(item.approvalStatus || \"pending\") && <span className=\"inline-flex gap-1\"><Button title=\"Approve Team Lead EOD\" variant=\"ghost\" size=\"icon\" onClick={() => onApprove(item)} className=\"h-8 w-8 text-green-600\"><CheckCircle className=\"h-4 w-4\" /></Button><Button title=\"Reject Team Lead EOD\" variant=\"ghost\" size=\"icon\" onClick={() => onReject(item)} className=\"h-8 w-8 text-red-600\"><XCircle className=\"h-4 w-4\" /></Button></span>}</TableCell>}</TableRow>)}</TableBody></Frame>; }\n172|  function ReviewButtons({ item, onReview }: { item: Report; onReview: (report: Report, approved: boolean) => void }) { return item.status === \"completed\" && [\"pending\", \"resubmitted\"].includes(item.approvalStatus || \"pending\") ? <span className=\"inline-flex gap-1\"><Button title=\"Approve completed work\" variant=\"ghost\" size=\"icon\" onClick={() => onReview(item, true)} className=\"h-8 w-8 text-green-600\"><CheckCircle className=\"h-4 w-4\" /></Button><Button title=\"Reject completed work\" variant=\"ghost\" size=\"icon\" onClick={() => onReview(item, false)} className=\"h-8 w-8 text-red-600\"><XCircle className=\"h-4 w-4\" /></Button></span> : null; }\n173|  function TasksTable({ data, loading, canReview, canManage, onReview, onChanged }: { data: Report[]; loading: boolean; canReview: boolean; canManage: boolean; onReview: (report: Report, approved: boolean) => void; onChanged: () => void }) { const showActions = canReview || canManage; const cols = showActions ? 9 : 8; return <Frame><TableHeader><TableRow className=\"bg-gray-50\"><TableHead>Team Lead</TableHead><TableHead>Team</TableHead><TableHead>Code</TableHead><TableHead>Task</TableHead><TableHead>Priority</TableHead><TableHead>Status</TableHead><TableHead>Approval</TableHead><TableHead>Progress</TableHead>{showActions && <TableHead>Action</TableHead>}</TableRow></TableHeader><TableBody><State loading={loading} count={data.length} cols={cols} />{!loading && data.map((item) => <TableRow key={item.id}><TableCell className=\"font-medium\">{item.userName}</TableCell><TableCell>{item.teamName || \"-\"}</TableCell><TableCell>{item.taskCode || \"-\"}</TableCell><TableCell>{item.taskName}</TableCell><TableCell className=\"capitalize\">{item.priority || \"medium\"}</TableCell><TableCell><StatusBadge status={item.status} /></TableCell><TableCell><StatusBadge status={item.approvalStatus || \"pending\"} /></TableCell><TableCell>{item.completionPct || 0}%</TableCell>{showActions && <TableCell><div className=\"flex items-center gap-1\"><ReviewButtons item={item} onReview={onReview} />{canManage && <TaskEditButton task={item} onComplete={onChanged} />}</div></TableCell>}</TableRow>)}</TableBody></Frame>; }\n   |                                                                                                                                                                                                                                                                                                                                                                                                                                                                                                                                                                                                                                                                                                                                                                                                                                                                                                                                                                                                                                                                                                                                                                                                                                                                                                                                                                                                                                                   ^\n174|  function DailyWorkTable({ data, loading, canReview, onReview }: { data: Report[]; loading: boolean; canReview: boolean; onReview: (report: Report, approved: boolean) => void }) { const cols = canReview ? 8 : 7; return <Frame><TableHeader><TableRow className=\"bg-gray-50\"><TableHead>Date</TableHead><TableHead>Team Lead</TableHead><TableHead>Team</TableHead><TableHead>Action</TableHead><TableHead>Status</TableHead><TableHead>Approval</TableHead><TableHead>Progress</TableHead>{canReview && <TableHead>Action</TableHead>}</TableRow></TableHeader><TableBody><State loading={loading} count={data.length} cols={cols} />{!loading && data.map((item) => <TableRow key={item.id}><TableCell>{item.date}</TableCell><TableCell className=\"font-medium\">{item.userName}</TableCell><TableCell>{item.teamName || \"-\"}</TableCell><TableCell>{item.action}</TableCell><TableCell><StatusBadge status={item.status} /></TableCell><TableCell><StatusBadge status={item.approvalStatus || \"pending\"} /></TableCell><TableCell>{item.completionPct || 0}%</TableCell>{canReview && <TableCell><ReviewButtons item={item} onReview={onReview} /></TableCell>}</TableRow>)}</TableBody></Frame>; }\n175|  function TrainingTable({ data, loading }: { data: Report[]; loading: boolean }) { return <Frame><TableHeader><TableRow className=\"bg-gray-50\"><TableHead>Team Lead</TableHead><TableHead>Team</TableHead><TableHead>Topic</TableHead><TableHead>Category</TableHead><TableHead>Trainer</TableHead><TableHead>Status</TableHead><TableHead>Progress</TableHead></TableRow></TableHeader><TableBody><State loading={loading} count={data.length} cols={7} />{!loading && data.map((item) => <TableRow key={item.id}><TableCell className=\"font-medium\">{item.userName}</TableCell><TableCell>{item.teamName || \"-\"}</TableCell><TableCell>{item.topic}</TableCell><TableCell>{item.category || \"-\"}</TableCell><TableCell>{item.trainer || \"-\"}</TableCell><TableCell><StatusBadge status={item.status} /></TableCell><TableCell>{item.progressPct || 0}%</TableCell></TableRow>)}</TableBody></Frame>; }"}
4:39:16 pm [vite] (client) hmr update /src/pages/manager/tl-eod-reports.tsx, /src/index.css
5:12:13 pm [vite] (client) hmr update /src/index.css, /src/components/portal-notifications.tsx
5:12:20 pm [vite] (client) hmr update /src/index.css, /src/components/portal-notifications.tsx
5:12:26 pm [vite] (client) hmr update /src/index.css, /src/components/portal-notifications.tsx
5:12:40 pm [vite] (client) hmr update /src/index.css, /src/components/portal-notifications.tsx
5:12:56 pm [vite] (client) hmr update /src/index.css, /src/components/portal-notifications.tsx
5:13:29 pm [vite] (client) hmr update /src/pages/employee/tasks.tsx, /src/index.css
